[1/9] cd /Users/robertkhzouz/Downloads/esp-dev-kits-master/esp32-c3-lcdkit/examples/knob_panel/build/esp-idf/main && /Users/robertkhzouz/.espressif/python_env/idf5.5_py3.13_env/bin/python /Users/robertkhzouz/esp/esp-idf/components/spiffs/spiffsgen.py 0x64000 /Users/robertkhzouz/Downloads/esp-dev-kits-master/esp32-c3-lcdkit/examples/knob_panel/spiffs /Users/robertkhzouz/Downloads/esp-dev-kits-master/esp32-c3-lcdkit/examples/knob_panel/build/storage.bin --page-size=256 --obj-name-len=32 --meta-len=4 --use-magic --use-magic-len
FAILED: esp-idf/main/CMakeFiles/spiffs_storage_bin /Users/robertkhzouz/Downloads/esp-dev-kits-master/esp32-c3-lcdkit/examples/knob_panel/build/esp-idf/main/CMakeFiles/spiffs_storage_bin 
cd /Users/robertkhzouz/Downloads/esp-dev-kits-master/esp32-c3-lcdkit/examples/knob_panel/build/esp-idf/main && /Users/robertkhzouz/.espressif/python_env/idf5.5_py3.13_env/bin/python /Users/robertkhzouz/esp/esp-idf/components/spiffs/spiffsgen.py 0x64000 /Users/robertkhzouz/Downloads/esp-dev-kits-master/esp32-c3-lcdkit/examples/knob_panel/spiffs /Users/robertkhzouz/Downloads/esp-dev-kits-master/esp32-c3-lcdkit/examples/knob_panel/build/storage.bin --page-size=256 --obj-name-len=32 --meta-len=4 --use-magic --use-magic-len
Traceback (most recent call last):
  File "/Users/robertkhzouz/esp/esp-idf/components/spiffs/spiffsgen.py", line 431, in create_file
    block.update_obj(contents_chunk)
    ~~~~~~~~~~~~~~~~^^^^^^^^^^^^^^^^
  File "/Users/robertkhzouz/esp/esp-idf/components/spiffs/spiffsgen.py", line 346, in update_obj
    raise SpiffsFullError()
SpiffsFullError

During handling of the above exception, another exception occurred:

Traceback (most recent call last):
  File "/Users/robertkhzouz/esp/esp-idf/components/spiffs/spiffsgen.py", line 435, in create_file
    raise SpiffsFullError
SpiffsFullError

During handling of the above exception, another exception occurred:

Traceback (most recent call last):
  File "/Users/robertkhzouz/esp/esp-idf/components/spiffs/spiffsgen.py", line 590, in <module>
    main()
    ~~~~^^
  File "/Users/robertkhzouz/esp/esp-idf/components/spiffs/spiffsgen.py", line 582, in main
    spiffs.create_file('/' + os.path.relpath(full_path, args.base_dir).replace('\\', '/'), full_path)
    ~~~~~~~~~~~~~~~~~~^^^^^^^^^^^^^^^^^^^^^^^^^^^^^^^^^^^^^^^^^^^^^^^^^^^^^^^^^^^^^^^^^^^^^^^^^^^^^^^
  File "/Users/robertkhzouz/esp/esp-idf/components/spiffs/spiffsgen.py", line 446, in create_file
    block = self._create_block()
  File "/Users/robertkhzouz/esp/esp-idf/components/spiffs/spiffsgen.py", line 395, in _create_block
    raise SpiffsFullError('the image size has been exceeded')
SpiffsFullError: the image size has been exceeded
[2/9] Performing build step for 'bootloader'
[1/1] cd /Users/robertkhzouz/Downloads/esp-dev-kits-master/esp32-c3-lcdkit/examples/knob_panel/build/bootloader/esp-idf/esptool_py && /Users/robertkhzouz/.espressif/python_env/idf5.5_py3.13_env/bin/python /Users/robertkhzouz/esp/esp-idf/components/partition_table/check_sizes.py --offset 0x8000 bootloader 0x0 /Users/robertkhzouz/Downloads/esp-dev-kits-master/esp32-c3-lcdkit/examples/knob_panel/build/bootloader/bootloader.bin
Bootloader binary size 0x55f0 bytes. 0x2a10 bytes (33%) free.
[3/9] Linking C static library esp-idf/main/libmain.a
ninja: build stopped: subcommand failed.
